// Jest Snapshot v1, https://goo.gl/fbAQLP

exports[`StyledErrorBar should have the default styles 1`] = `
<DocumentFragment>
  .c0 {
  background: #f9f9f9;
  max-width: 300px;
  text-align: center;
  color: #ff4b4b;
  padding: 5px;
  border-radius: 5px;
  z-index: 1000;
  position: fixed;
}

<div
    class="c0"
  />
</DocumentFragment>
`;
