// Jest Snapshot v1, https://goo.gl/fbAQLP

exports[`StyledBtnWrapper should have the default styles 1`] = `
<DocumentFragment>
  .c0 {
  display: -webkit-box;
  display: -webkit-flex;
  display: -ms-flexbox;
  display: flex;
  -webkit-box-pack: end;
  -webkit-justify-content: flex-end;
  -ms-flex-pack: end;
  justify-content: flex-end;
  margin: 2px;
}

<div
    class="c0"
  />
</DocumentFragment>
`;
