// Jest Snapshot v1, https://goo.gl/fbAQLP

exports[`App should have the default styles 1`] = `
<DocumentFragment>
  .c1 {
  position: inherit;
  height: inherit;
  width: inherit;
}

.c0 {
  width: 100vw;
  height: 100vh;
}

<div
    class="c0"
  >
    <div
      class="c1"
      data-testid="annotations-wrapper"
    />
  </div>
</DocumentFragment>
`;
